MAC[04-f7-e4-11-08-6f] -- [{"firechat":"Nearby","t":1433178157.8,"name":"飞哥","user":"zhuangfei","msg":"12345","st":1433178157.8,"uuid":"8MS2|1l'g|GN$T9e"}]
MAC[04-f7-e4-11-08-6f] -- [{"firechat":"Nearby","t":1433178167.8,"name":"飞哥","user":"zhuangfei","msg":"8888","st":1433178167.8,"uuid":"04sWAXZ6e4(Ya!0"}]
MAC[ac-22-0b-3f-0c-b3] -- [{"st":1433261056,"t":1.433261031449E9,"uuid":"')|=ywV>ycipWd*J","msg":"nihao","user":"zerohunter","firechat":"附近","name":"city hunter"}]
MAC[f8-a9-d0-73-65-78] -- [{"uuid":",?=T0_rS>a V:FH=","firechat":"slumdunking","name":"冷雨一刀","user":"slumdunking","msg":"Slumdunking room","t":1.433261092811E9,"st":1433261056}]
MAC[04-f7-e4-11-08-6f] -- [{"firechat":"Nearby","t":1433178157.8,"name":"飞哥","user":"zhuangfei","msg":"12345","st":1433178157.8,"uuid":"8MS2|1l'g|GN$T9e"}]
MAC[04-f7-e4-11-08-6f] -- [{"firechat":"Nearby","t":1433178167.8,"name":"飞哥","user":"zhuangfei","msg":"8888","st":1433178167.8,"uuid":"04sWAXZ6e4(Ya!0"}]
MAC[ac-22-0b-3f-0c-b3] -- [{"st":1433261056,"t":1.433261031449E9,"uuid":"')|=ywV>ycipWd*J","msg":"nihao","user":"zerohunter","firechat":"附近","name":"city hunter"}]
MAC[f8-a9-d0-73-65-78] -- [{"uuid":",?=T0_rS>a V:FH=","firechat":"slumdunking","name":"冷雨一刀","user":"slumdunking","msg":"Slumdunking room","t":1.433261092811E9,"st":1433261056}]
